// Jest Snapshot v1, https://goo.gl/fbAQLP

exports[`renders AmountInput correctly 1`] = `
<View
  style={
    Object {
      "alignItems": "center",
      "backgroundColor": "#ECF9E0",
      "flexDirection": "row",
      "justifyContent": "space-around",
      "padding": 10,
      "width": "100%",
    }
  }
>
  <TextInput
    allowFontScaling={true}
    keyboardType="numeric"
    onChangeText={[Function]}
    style={
      Object {
        "alignItems": "center",
        "backgroundColor": "white",
        "borderBottomColor": "#000000",
        "borderWidth": 1,
        "fontSize": 20,
        "marginBottom": 10,
        "marginTop": 20,
        "padding": 10,
        "width": "45%",
      }
    }
  >
    100
  </TextInput>
  <TextInput
    allowFontScaling={true}
    keyboardType="numeric"
    onChangeText={[Function]}
    style={
      Object {
        "alignItems": "center",
        "backgroundColor": "white",
        "borderBottomColor": "#000000",
        "borderWidth": 1,
        "fontSize": 20,
        "marginBottom": 10,
        "marginTop": 20,
        "padding": 10,
        "width": "45%",
      }
    }
  >
    89.95
  </TextInput>
</View>
`;

exports[`renders correctly when there are no items 1`] = `
<View
  style={
    Object {
      "alignItems": "center",
      "backgroundColor": "#ECF9E0",
      "flexDirection": "row",
      "justifyContent": "space-around",
      "padding": 10,
      "width": "100%",
    }
  }
>
  <TextInput
    allowFontScaling={true}
    keyboardType="numeric"
    onChangeText={[Function]}
    style={
      Object {
        "alignItems": "center",
        "backgroundColor": "white",
        "borderBottomColor": "#000000",
        "borderWidth": 1,
        "fontSize": 20,
        "marginBottom": 10,
        "marginTop": 20,
        "padding": 10,
        "width": "45%",
      }
    }
  >
    100
  </TextInput>
  <TextInput
    allowFontScaling={true}
    keyboardType="numeric"
    onChangeText={[Function]}
    style={
      Object {
        "alignItems": "center",
        "backgroundColor": "white",
        "borderBottomColor": "#000000",
        "borderWidth": 1,
        "fontSize": 20,
        "marginBottom": 10,
        "marginTop": 20,
        "padding": 10,
        "width": "45%",
      }
    }
  >
    89.95
  </TextInput>
</View>
`;
