// Jest Snapshot v1, https://goo.gl/fbAQLP

exports[`renders correctly when there are no items 1`] = `
<View
  style={
    Object {
      "alignItems": "center",
      "backgroundColor": "#F7F9E0",
    }
  }
>
  <View
    style={
      Object {
        "alignItems": "center",
        "backgroundColor": "#F7F9E0",
        "flexDirection": "row",
        "justifyContent": "space-around",
        "padding": 10,
        "width": "100%",
      }
    }
  >
    <Text
      accessible={true}
      allowFontScaling={true}
      ellipsizeMode="tail"
      style={
        Object {
          "alignItems": "center",
          "backgroundColor": "white",
          "borderBottomColor": "#000000",
          "borderWidth": 1,
          "fontSize": 20,
          "marginBottom": 20,
          "marginTop": 20,
          "padding": 10,
          "width": "45%",
        }
      }
    >
      1
    </Text>
    <Text
      accessible={true}
      allowFontScaling={true}
      ellipsizeMode="tail"
      style={
        Object {
          "alignItems": "center",
          "backgroundColor": "white",
          "borderBottomColor": "#000000",
          "borderWidth": 1,
          "fontSize": 20,
          "marginBottom": 20,
          "marginTop": 20,
          "padding": 10,
          "width": "45%",
        }
      }
    >
      0.8945
    </Text>
  </View>
  <Text
    accessible={true}
    allowFontScaling={true}
    ellipsizeMode="tail"
  >
    Last updated API data on 
    11/10/1970 1:24:13 AM
  </Text>
</View>
`;
